# name: test_matches_snapshot
  <class 'dict'> {
    'Parameters': <class 'dict'> {
      'AssetParameters6ce9cba0c9785156f59d00159e27431182962b409d385ab1d5f199541a970586ArtifactHash97E3F10B': <class 'dict'> {
        'Description': 'Artifact hash for asset "6ce9cba0c9785156f59d00159e27431182962b409d385ab1d5f199541a970586"',
        'Type': 'String',
      },
      'AssetParameters6ce9cba0c9785156f59d00159e27431182962b409d385ab1d5f199541a970586S3BucketE40C5F0B': <class 'dict'> {
        'Description': 'S3 bucket for asset "6ce9cba0c9785156f59d00159e27431182962b409d385ab1d5f199541a970586"',
        'Type': 'String',
      },
      'AssetParameters6ce9cba0c9785156f59d00159e27431182962b409d385ab1d5f199541a970586S3VersionKey189FBF34': <class 'dict'> {
        'Description': 'S3 key for asset version "6ce9cba0c9785156f59d00159e27431182962b409d385ab1d5f199541a970586"',
        'Type': 'String',
      },
    },
    'Resources': <class 'dict'> {
      'LambdaFunctionAllowInvokeTopicsStackTopic1A54934186CE533EE': <class 'dict'> {
        'Properties': <class 'dict'> {
          'Action': 'lambda:InvokeFunction',
          'FunctionName': <class 'dict'> {
            'Fn::GetAtt': <class 'list'> [
              'LambdaFunctionBF21E41F',
              'Arn',
            ],
          },
          'Principal': 'sns.amazonaws.com',
          'SourceArn': <class 'dict'> {
            'Fn::ImportValue': 'TopicsStack:ExportsOutputRefTopic198E71B3E74722020',
          },
        },
        'Type': 'AWS::Lambda::Permission',
      },
      'LambdaFunctionBF21E41F': <class 'dict'> {
        'DependsOn': <class 'list'> [
          'LambdaFunctionServiceRoleDefaultPolicy32EEEE35',
          'LambdaFunctionServiceRoleC555A460',
        ],
        'Properties': <class 'dict'> {
          'Code': <class 'dict'> {
            'S3Bucket': <class 'dict'> {
              'Ref': 'AssetParameters6ce9cba0c9785156f59d00159e27431182962b409d385ab1d5f199541a970586S3BucketE40C5F0B',
            },
            'S3Key': <class 'dict'> {
              'Fn::Join': <class 'list'> [
                '',
                <class 'list'> [
                  <class 'dict'> {
                    'Fn::Select': <class 'list'> [
                      0,
                      <class 'dict'> {
                        'Fn::Split': <class 'list'> [
                          '||',
                          <class 'dict'> {
                            'Ref': 'AssetParameters6ce9cba0c9785156f59d00159e27431182962b409d385ab1d5f199541a970586S3VersionKey189FBF34',
                          },
                        ],
                      },
                    ],
                  },
                  <class 'dict'> {
                    'Fn::Select': <class 'list'> [
                      1,
                      <class 'dict'> {
                        'Fn::Split': <class 'list'> [
                          '||',
                          <class 'dict'> {
                            'Ref': 'AssetParameters6ce9cba0c9785156f59d00159e27431182962b409d385ab1d5f199541a970586S3VersionKey189FBF34',
                          },
                        ],
                      },
                    ],
                  },
                ],
              ],
            },
          },
          'Environment': <class 'dict'> {
            'Variables': <class 'dict'> {
              'STATE_MACHINE_ARN': <class 'dict'> {
                'Ref': 'StateMachine2E01A3A5',
              },
            },
          },
          'Handler': 'handler',
          'Role': <class 'dict'> {
            'Fn::GetAtt': <class 'list'> [
              'LambdaFunctionServiceRoleC555A460',
              'Arn',
            ],
          },
          'Runtime': 'nodejs14.x',
        },
        'Type': 'AWS::Lambda::Function',
      },
      'LambdaFunctionServiceRoleC555A460': <class 'dict'> {
        'Properties': <class 'dict'> {
          'AssumeRolePolicyDocument': <class 'dict'> {
            'Statement': <class 'list'> [
              <class 'dict'> {
                'Action': 'sts:AssumeRole',
                'Effect': 'Allow',
                'Principal': <class 'dict'> {
                  'Service': 'lambda.amazonaws.com',
                },
              },
            ],
            'Version': '2012-10-17',
          },
          'ManagedPolicyArns': <class 'list'> [
            <class 'dict'> {
              'Fn::Join': <class 'list'> [
                '',
                <class 'list'> [
                  'arn:',
                  <class 'dict'> {
                    'Ref': 'AWS::Partition',
                  },
                  ':iam::aws:policy/service-role/AWSLambdaBasicExecutionRole',
                ],
              ],
            },
          ],
        },
        'Type': 'AWS::IAM::Role',
      },
      'LambdaFunctionServiceRoleDefaultPolicy32EEEE35': <class 'dict'> {
        'Properties': <class 'dict'> {
          'PolicyDocument': <class 'dict'> {
            'Statement': <class 'list'> [
              <class 'dict'> {
                'Action': 'states:StartExecution',
                'Effect': 'Allow',
                'Resource': <class 'dict'> {
                  'Ref': 'StateMachine2E01A3A5',
                },
              },
            ],
            'Version': '2012-10-17',
          },
          'PolicyName': 'LambdaFunctionServiceRoleDefaultPolicy32EEEE35',
          'Roles': <class 'list'> [
            <class 'dict'> {
              'Ref': 'LambdaFunctionServiceRoleC555A460',
            },
          ],
        },
        'Type': 'AWS::IAM::Policy',
      },
      'LambdaFunctionTopic1461E184C': <class 'dict'> {
        'Properties': <class 'dict'> {
          'Endpoint': <class 'dict'> {
            'Fn::GetAtt': <class 'list'> [
              'LambdaFunctionBF21E41F',
              'Arn',
            ],
          },
          'Protocol': 'lambda',
          'TopicArn': <class 'dict'> {
            'Fn::ImportValue': 'TopicsStack:ExportsOutputRefTopic198E71B3E74722020',
          },
        },
        'Type': 'AWS::SNS::Subscription',
      },
      'StateMachine2E01A3A5': <class 'dict'> {
        'DependsOn': <class 'list'> [
          'StateMachineRoleB840431D',
        ],
        'Properties': <class 'dict'> {
          'DefinitionString': '{"StartAt":"StartState","States":{"StartState":{"Type":"Pass","End":true}}}',
          'RoleArn': <class 'dict'> {
            'Fn::GetAtt': <class 'list'> [
              'StateMachineRoleB840431D',
              'Arn',
            ],
          },
        },
        'Type': 'AWS::StepFunctions::StateMachine',
      },
      'StateMachineRoleB840431D': <class 'dict'> {
        'Properties': <class 'dict'> {
          'AssumeRolePolicyDocument': <class 'dict'> {
            'Statement': <class 'list'> [
              <class 'dict'> {
                'Action': 'sts:AssumeRole',
                'Effect': 'Allow',
                'Principal': <class 'dict'> {
                  'Service': <class 'dict'> {
                    'Fn::Join': <class 'list'> [
                      '',
                      <class 'list'> [
                        'states.',
                        <class 'dict'> {
                          'Ref': 'AWS::Region',
                        },
                        '.amazonaws.com',
                      ],
                    ],
                  },
                },
              },
            ],
            'Version': '2012-10-17',
          },
        },
        'Type': 'AWS::IAM::Role',
      },
    },
  }
---
